11:04:47 **** Incremental Build of configuration Debug for project Lab 3 ****
make -j16 all 
arm-none-eabi-gcc "../Core/Src/main.c" -mcpu=cortex-m4 -std=gnu11 -g3 -DDEBUG -DUSE_HAL_DRIVER -DSTM32L476xx -c -I../Core/Inc -I../Drivers/STM32L4xx_HAL_Driver/Inc -I../Drivers/STM32L4xx_HAL_Driver/Inc/Legacy -I../Drivers/CMSIS/Device/ST/STM32L4xx/Include -I../Drivers/CMSIS/Include -I../Middlewares/Third_Party/FreeRTOS/Source/include -I../Middlewares/Third_Party/FreeRTOS/Source/CMSIS_RTOS -I../Middlewares/Third_Party/FreeRTOS/Source/portable/GCC/ARM_CM4F -O0 -ffunction-sections -fdata-sections -Wall -fstack-usage -fcyclomatic-complexity -MMD -MP -MF"Core/Src/main.d" -MT"Core/Src/main.o" --specs=nano.specs -mfpu=fpv4-sp-d16 -mfloat-abi=hard -mthumb -o "Core/Src/main.o"
arm-none-eabi-gcc -o "Lab 3.elf" @"objects.list"   -mcpu=cortex-m4 -T"C:\Users\impos\OneDrive - rit.edu\School\Year 5\Semester 2\CPET 461\Lab\Lab 3\STM32L476RGTX_FLASH.ld" --specs=nosys.specs -Wl,-Map="Lab 3.map" -Wl,--gc-sections -static --specs=nano.specs -mfpu=fpv4-sp-d16 -mfloat-abi=hard -mthumb -Wl,--start-group -lc -lm -Wl,--end-group
Finished building target: Lab 3.elf
 
arm-none-eabi-size  Lab\ 3.elf 
arm-none-eabi-objdump -h -S Lab\ 3.elf  > "Lab 3.list"
   text	   data	    bss	    dec	    hex	filename
  25572	     96	   6232	  31900	   7c9c	Lab 3.elf
Finished building: default.size.stdout
 
Finished building: Lab 3.list
 

11:04:48 Build Finished. 0 errors, 0 warnings. (took 1s.414ms)

