../Core/Src/main.c:76:5:main	128	static
../Core/Src/main.c:163:6:SystemClock_Config	96	static
../Core/Src/main.c:213:13:MX_USART2_UART_Init	8	static
../Core/Src/main.c:248:13:MX_GPIO_Init	48	static
../Core/Src/main.c:301:6:StartTask1	16	static
../Core/Src/main.c:321:6:StartTask2	16	static
../Core/Src/main.c:341:6:StartTask3	16	static
../Core/Src/main.c:361:6:StartTask4	16	static
../Core/Src/main.c:381:6:HAL_TIM_PeriodElapsedCallback	16	static
../Core/Src/main.c:398:6:Error_Handler	4	static,ignoring_inline_asm
